Line 52: 0
Line 53: 1
Line 54: 10
Line 60: 0
Line 61: 0
Line 70: 17179869187
Line 71: 17179869187
Line 72: 17179869187
Line 75: 17179869187
Line 76: -17179869187
Line 77: error
Line 78: 17179869187
Line 79: -17179869187
Line 80: error
Line 85: 0
Line 86: 0
Line 87: 0
Line 91: 0
Line 92: 4294967295
Line 93: error
Line 95: 0
Line 96: 2147483647
Line 97: error
Line 100: 0
Line 101: 4294967295
Line 102: error
Line 104: 0
Line 105: 2147483647
Line 106: error
Line 108: 0
Line 109: 65535
Line 110: error
Line 112: 0
Line 113: 32767
Line 114: error
Line 118: error
Line 119: 0
Line 120: 4294967295
Line 121: error
Line 123: error
Line 124: -2147483648
Line 125: -2147483647
Line 126: 0
Line 127: 2147483647
Line 128: error
Line 131: error
Line 132: 0
Line 133: 4294967295
Line 134: error
Line 136: error
Line 137: -2147483648
Line 138: -2147483647
Line 139: 0
Line 140: 2147483647
Line 141: error
Line 143: error
Line 144: 0
Line 145: 65535
Line 146: error
Line 148: error
Line 149: -32768
Line 150: -32767
Line 151: 0
Line 152: 32767
Line 153: error
Line 158: error
Line 159: error
Line 160: error
Line 161: error
Line 162: error
Line 163: error
Line 166: error
Line 167: error
Line 168: 0
Line 169: 0
Line 170: 4294967295
Line 174: 0
Line 175: 1
Line 178: 12884901889
Line 180: 4294967296
Line 184: 1
Line 185: 0
Line 186: 1
Line 189: 8589934591
Line 191: 4294967295
Line 196: 112776680263877595
Line 197: 916883579381118
Line 198: 81
Line 200: error
Line 205: 0
Line 206: 0
Line 209: 1348619730944
Line 210: 2
Line 211: 0
Line 212: 314
Line 215: 0
Line 220: 314
Line 221: 159
Line 225: 3
Line 226: 0
Line 227: 0
Line 228: 0
Line 232: 0
Line 233: 1
Line 234: 12
Line 235: 13
Line 237: 33
Line 241: 1
Line 242: 1
Line 243: 0
Line 244: 0
Line 245: 1
Line 246: 5
Line 249: 4294967321
Line 252: 2147483673
Line 257: 15
Line 266: -15
Line 286: -1
Line 295: 12
Line 303: 3
Line 311: 25
Line 318: error
